current directory: /Users/jeaimehp/Desktop/FacultyHack_Gateways25/facultyhack-gateways25/vendor/bundle/ruby/3.2.0/gems/http_parser.rb-0.8.0/ext/ruby_http_parser
/Users/jeaimehp/.asdf/installs/ruby/3.2.2/bin/ruby extconf.rb
creating Makefile

current directory: /Users/jeaimehp/Desktop/FacultyHack_Gateways25/facultyhack-gateways25/vendor/bundle/ruby/3.2.0/gems/http_parser.rb-0.8.0/ext/ruby_http_parser
make DESTDIR\= sitearchdir\=./.gem.20250925-49506-du0x4i sitelibdir\=./.gem.20250925-49506-du0x4i clean

current directory: /Users/jeaimehp/Desktop/FacultyHack_Gateways25/facultyhack-gateways25/vendor/bundle/ruby/3.2.0/gems/http_parser.rb-0.8.0/ext/ruby_http_parser
make DESTDIR\= sitearchdir\=./.gem.20250925-49506-du0x4i sitelibdir\=./.gem.20250925-49506-du0x4i
compiling ruby_http_parser.c
ruby_http_parser.c:365:17: warning: comparison of integers of different signs: 'size_t' (aka 'unsigned long') and 'long' [-Wsign-compare]
  365 |     if (nparsed < len)
      |         ~~~~~~~ ^ ~~~
1 warning generated.
compiling ryah_http_parser.c
linking shared-object ruby_http_parser.bundle
ld: warning: -multiply_defined is obsolete
ld: warning: ignoring duplicate libraries: '-lruby.3.2'

current directory: /Users/jeaimehp/Desktop/FacultyHack_Gateways25/facultyhack-gateways25/vendor/bundle/ruby/3.2.0/gems/http_parser.rb-0.8.0/ext/ruby_http_parser
make DESTDIR\= sitearchdir\=./.gem.20250925-49506-du0x4i sitelibdir\=./.gem.20250925-49506-du0x4i install
/opt/homebrew/bin/ginstall -c -m 0755 ruby_http_parser.bundle ./.gem.20250925-49506-du0x4i

current directory: /Users/jeaimehp/Desktop/FacultyHack_Gateways25/facultyhack-gateways25/vendor/bundle/ruby/3.2.0/gems/http_parser.rb-0.8.0/ext/ruby_http_parser
make DESTDIR\= sitearchdir\=./.gem.20250925-49506-du0x4i sitelibdir\=./.gem.20250925-49506-du0x4i clean
